STRATEGY_MODE raw_env='entry_alpha_v1' resolved=entry_alpha_v1
ENV EXIT_MODE = exit_exec_v2
ENTRY_CONFIRM: bars=0 min_prog=0 style=price_only
ENTRY_ALPHA_FAMILY_ALLOWLIST=['PBRA_v1']
SRF_ARM: bars=W mode=lrams_only eff=10
Discovered 3 processed days: ['2025-12-16', '2025-12-17', '2025-12-18']
Run config: {'strategy_mode': 'entry_alpha_v1', 'baseline_mode': 'flat', 'baseline_k_bars': 5, 'micro_k_bars': 5, 'micro_impulse_ticks': 1, 'micro_flow_min': 0.0, 'max_spread_ticks_for_entry': 2, 'mmas_k_bars': 5, 'mmas_min_dmid_ticks': 1, 'mmas_min_flow_abs': 20.0, 'mmas_require_agree': True, 'srf_min_disp_ticks': 3, 'srf_disp_window_bars': 5, 'srf_min_speed_ticks_per_bar': 0.6, 'srf_refill_window_bars': 5, 'srf_baseline_bars': 20, 'srf_refill_ratio_max': 0.6, 'srf_min_spread_ticks': 1, 'srf_flow_confirm': False, 'srf_flow_window_bars': 5, 'srf_min_flow': 0.0, 'srf_side_mode': 'follow', 'srf_debug': False, 'srf_arm_bars': 10, 'srf_arm_bars_apb': 260, 'srf_arm_bars_obra': 10, 'srf_arm_bars_pbra': 10, 'srf_arm_mode': 'lrams_only', 'trade_session': 'all', 'min_spread_ticks': 0, 'entry_cooldown_bars': 10, 'tp_ticks': 1, 'sl_ticks': 2, 'entry_viability_mode': 'base', 'entry_viability_flow_confirm': False, 'entry_alpha_family_allowlist': ['PBRA_v1'], 'entry_alpha_max_sl_ticks': None, 'entry_alpha_time_stop_bars': None, 'entry_alpha_tp_ticks': None, 'pbra_scratch_bars': 1, 'pbra_scratch_min_mfe_ticks': 1, 'pbra_scratch_min_abs_ofid_max': 15.0, 'pbra_runner_arm_bars': 40, 'pbra_runner_arm_mfe_ticks': 1, 'pbra_runner_min_abs_ofid_max': 0.0, 'pbra_runner_tp_ticks': 4, 'pbra_runner_disable_be_limit': True, 'pbra_runner_be_stop_ticks': 0, 'pbra_fire_min_abs_ofid': 0.0, 'afr3_break_min_flow_abs': 100.0, 'afr3_break_max_spread_ticks': 2, 'afr3_snapback_check': True, 'afr_scratch_bars': 3, 'afr_scratch_min_progress_ticks': 1, 'gate_mode_list': ['side_matched'], 'sweep_ws': [10], 'afr_min_flow_abs_sweep': [40.0], 'afr_ft_bars_sweep': [2]}
Run header: {'strategy_mode': 'entry_alpha_v1', 'gate_modes': ['side_matched'], 'sweep_ws': [10], 'disable_gate': False, 'run_mode': 'baseline_vs_gated', 'impulse_lookback_bars': 1, 'impulse_min_ticks': 1, 'confirm_bars': 2, 'confirm_require_nonzero': True, 'srf_min_disp_ticks': 3, 'srf_disp_window_bars': 5, 'srf_min_speed_ticks_per_bar': 0.6, 'srf_refill_window_bars': 5, 'srf_baseline_bars': 20, 'srf_refill_ratio_max': 0.6, 'srf_min_spread_ticks': 1, 'srf_flow_confirm': False, 'srf_flow_window_bars': 5, 'srf_min_flow': 0.0, 'srf_side_mode': 'follow', 'srf_debug': False, 'srf_arm_bars_apb': 260, 'srf_arm_bars_obra': 10, 'srf_arm_bars_pbra': 10, 'pbra_fire_min_abs_ofid': 0.0, 'pbra_scratch_bars': 1, 'pbra_scratch_min_mfe_ticks': 1, 'pbra_scratch_min_abs_ofid_max': 15.0, 'pbra_runner_arm_bars': 40, 'pbra_runner_arm_mfe_ticks': 1, 'pbra_runner_min_abs_ofid_max': 0.0, 'pbra_runner_tp_ticks': 4, 'pbra_runner_disable_be_limit': True, 'pbra_runner_be_stop_ticks': 0, 'afr_k_bars': 10, 'afr_min_flow_abs': 40.0, 'afr_stall_ticks': 0, 'afr_break_ticks': 1, 'afr_require_flow_sign': True, 'afr_enter_on': 'ft', 'afr_tp_ticks': None, 'afr_sl_ticks': None, 'afr_max_hold_bars': None, 'afr_breakeven_after_ticks': None, 'afr_enter_mode': 'break_first', 'afr_flow_align_bars': 5, 'afr_min_flow_abs_align': 40.0, 'afr_rearm_band_ticks': 1, 'afr_rearm_max_bars': 5, 'afr_rearm_stop_max_bars': 3, 'afr_momentum_decay_bars': 3, 'afr_momentum_decay_min_flow': 0.0, 'trade_session': 'all', 'min_spread_ticks': 0, 'entry_cooldown_bars': 10, 'entry_viability_mode': 'base', 'entry_viability_flow_confirm': False, 'entry_alpha_family_allowlist': ['PBRA_v1'], 'entry_alpha_max_sl_ticks': None, 'entry_alpha_time_stop_bars': None, 'lbo_flip_direction': False, 'lbo_confirm_mode': 'none', 'lbo_confirm_ticks': 1, 'lbo_confirm_max_bars': 5, 'lbo_confirm_use_mid': True, 'lbo_confirm_require_flow_align': False, 'lbo_confirm_flow_align_bars': 5, 'lbo_confirm_min_flow_abs_align': 40.0, 'lbo_pullback_ticks': 1, 'lbo_pullback_max_bars': 10, 'lbo_resume_ticks': 1, 'lbo_resume_max_bars': 5}
AFR_ENTER_ON=ft strategy_mode=entry_alpha_v1
RUN_MODE: baseline_vs_gated (default)
=== STRATEGY: entry_alpha_v1 (baseline_vs_gated) ===
Executing run: {'strategy_mode': 'entry_alpha_v1', 'W': 10, 'gate_mode': 'side_matched', 'exit_mode': 'exit_exec_v2', 'afr_min_flow_abs': 40.0, 'afr_ft_bars': 2, 'disable_gate': False, 'trade_session': 'all', 'min_spread_ticks': 0, 'entry_cooldown_bars': 10, 'lbo_ignore_thr': False, 'lbo_flip_direction': False, 'srf_arm_bars': 10, 'srf_arm_source': 'W'}
ES 2025-12-16 health n_rows=863989 median_dt_ms=100.0 mid_change_pct=16.52% signals_valid=260440 events=24919
EVENT_POS_DEBUG ES 2025-12-16 min=39 max=863733 first5=[39, 67, 69, 90, 135] last5=[863244, 863305, 863380, 863699, 863733] gate_lookback_bars=10 n=863989
AUTO_BE_OFFSET ES 2025-12-16 spread_ticks_entry=1.00 be_offset_ticks=1
DAY_STATE ES 2025-12-16 signals_total=11 signals_when_flat=11 signals_in_position=0 in_position=False entry_bar=-1 exit_bar=-1
EVENT_POS_DEBUG ES 2025-12-16 min=39 max=863733 first5=[39, 67, 69, 90, 135] last5=[863244, 863305, 863380, 863699, 863733] gate_lookback_bars=10 n=863989
AUTO_BE_OFFSET ES 2025-12-16 spread_ticks_entry=2.00 be_offset_ticks=2
DAY_STATE ES 2025-12-16 signals_total=11 signals_when_flat=2 signals_in_position=0 in_position=False entry_bar=-1 exit_bar=-1
Sample day ES 2025-12-16 W=10 mode=side_matched baseline_final=-36.00 baseline_peak=-2.00 baseline_max_dd=34.00 baseline_worst=-22.00 baseline_p1=-20.00 baseline_p5=-12.00 | gated_final=-3.00 gated_peak=-1.00 gated_max_dd=2.00 gated_worst=-2.00 gated_p1=-1.99 gated_p5=-1.95
PNL_DAY ES 2025-12-16 strategy=baseline trades=11 gross_ticks=-36.00 net_ticks=-48.06 net_usd=-600.70 max_dd_ticks=44.96 max_dd_usd=562.00 max_loss_ticks=-23.10 max_loss_usd=-288.70 max_win_ticks=-2.10 max_win_usd=-26.20 sl_exits=1 tp_exits=0 scratch_exits=10 time_exits=0 would_scratch=10 would_scratch_rate=90.91% runner_armed=1 runner_armed_rate=9.09% runner_tp_hit=0 runner_tp_hit_rate=0.00%
PNL_DAY ES 2025-12-16 strategy=gated trades=2 gross_ticks=-3.00 net_ticks=-5.19 net_usd=-64.90 max_dd_ticks=3.10 max_dd_usd=38.70 max_loss_ticks=-3.10 max_loss_usd=-38.70 max_win_ticks=-2.10 max_win_usd=-26.20 sl_exits=0 tp_exits=0 scratch_exits=2 time_exits=0 would_scratch=2 would_scratch_rate=100.00% runner_armed=0 runner_armed_rate=0.00% runner_tp_hit=0 runner_tp_hit_rate=0.00%
BASE trades=11 mean=-3.2727 med=-1.0000 win%=0.00% p5=-12.00
GATE trades=2 mean=-1.5000 med=-1.5000 win%=0.00% p5=-1.95
DAY_ROW_HAS True 33.0 -36.0 -3.0
DAY_ROW_KEYS=['Symbol', 'W', 'baseline_entry_candidates_when_flat', 'baseline_final_pnl_ticks', 'baseline_max_dd_ticks', 'baseline_mean_loss_ticks', 'baseline_mean_trade_ticks', 'baseline_mean_win_ticks', 'baseline_median_trade_ticks', 'baseline_mode', 'baseline_p1_trade_ticks', 'baseline_p5_trade_ticks', 'baseline_peak_equity_ticks', 'baseline_pnl_ticks', 'baseline_profit_factor', 'baseline_trades', 'baseline_win_rate', 'baseline_worst_trade_ticks', 'block_rate', 'blocked_signals', 'coverage', 'date', 'dd_improvement', 'entries_blocked_by_gate', 'entries_taken_gated', 'entry_cooldown_bars', 'gate_mode', 'gated_entry_candidates_when_flat', 'gated_final_pnl_ticks', 'gated_max_dd_ticks', 'gated_mean_loss_ticks', 'gated_mean_trade_ticks', 'gated_mean_win_ticks', 'gated_median_trade_ticks', 'gated_p1_trade_ticks', 'gated_p5_trade_ticks', 'gated_peak_equity_ticks', 'gated_pnl_ticks', 'gated_profit_factor', 'gated_trades', 'gated_win_rate', 'gated_worst_trade_ticks', 'improvement_per_blocked', 'is_improved', 'min_spread_ticks', 'mmas_entered_base', 'mmas_entered_gate', 'mmas_passed_filters_base', 'mmas_passed_filters_gate', 'mmas_signaled_base', 'mmas_signaled_gate', 'mmas_signals_checked_base', 'mmas_signals_checked_gate', 'pnl_improvement_ticks', 'signals_cooldown_suppressed', 'signals_in_position', 'signals_session_suppressed', 'signals_spread_suppressed', 'signals_total', 'signals_when_flat', 'strategy_mode', 'trade_session']
ROW ES 2025-12-16 W=10 mode=side_matched baseline_trades=11 gated_trades=2 baseline_final=-36.0000 gated_final=-3.0000 pnl_improvement=33.0000 baseline_max_dd=34.0000 gated_max_dd=2.0000 dd_improvement=32.0000 blocked=9 improvement_per_blocked=3.6667 is_improved=True
DAY_ABS ES 2025-12-16 W=10 mode=side_matched baseline_final_pnl_ticks=-36.0000 gated_final_pnl_ticks=-3.0000 baseline_max_dd_ticks=34.0000 gated_max_dd_ticks=2.0000
[1/3] ES 2025-12-16 W=10 mode=side_matched baseline trades=11 pnl=-36.00 gated trades=2 pnl=-3.00 skipped=9 block_rate=81.82% coverage=18.18% spread_supp=37121 cooldown_supp=18
ES 2025-12-16 gate_diag armed_candidate_count=2 not_armed_block_count=9 mismatch_block_count=5 weak_side_none_count=0 allowed_count=2 coverage=18.18% weak_side_bid=1 weak_side_ask=1 blocked_none=9 allow_on_none=0
EXIT_DIAG ES 2025-12-16 gated_trades=2 touch+1=0 touch+1_nonpos=0 touch+1_pos=0 avg_bars_to+1=0.00
TRADE_DEBUG ES 2025-12-16 side=long entry_px=6818.50 best_fav_px=6818.50 mfe_ticks=0.00 exit_reason=PBRA_NO_REACCEL bars_held=1
TRADE_DEBUG ES 2025-12-16 side=short entry_px=6809.00 best_fav_px=6809.00 mfe_ticks=0.00 exit_reason=PBRA_NO_REACCEL bars_held=1
EXIT_SANITY ES 2025-12-16 side=long pnl_ticks=-1.00 exit_reason=PBRA_NO_REACCEL exit_mode=exit_exec_v2
ES 2025-12-16 cooldown_reduction baseline=90.00% gated=62.07%
ES 2025-12-16 W=10 mode=side_matched skip_reasons={'gated_blocked': 9, 'no_recent_event': 0, 'no_threshold_yet': 0, 'no_event_in_window': 0, 'gate_not_armed': 0, 'impulse_failed_threshold': 0, 'impulse_failed_confirm': 0}
ES 2025-12-16 MMAS base checked=0 passed=0 signaled=0 entered=0 | gate checked=0 passed=0 signaled=0 entered=0
EXIT_COUNTS ES 2025-12-16 base={'PBRA_NO_REACCEL': 10, 'SL': 1} gate={'PBRA_NO_REACCEL': 2}
PASSIVE_EXIT ES 2025-12-16 base filled=0 fallback=0 rate=0.00% | gate filled=0 fallback=0 rate=0.00%
BE_STATS ES 2025-12-16 base_armed=9.09% gate_armed=0.00% base_be_limit=0.00% gate_be_limit=0.00%
ES 2025-12-17 health n_rows=863989 median_dt_ms=100.0 mid_change_pct=16.17% signals_valid=248727 events=19556
EVENT_POS_DEBUG ES 2025-12-17 min=166 max=863857 first5=[166, 194, 215, 222, 252] last5=[863600, 863612, 863630, 863801, 863857] gate_lookback_bars=10 n=863989
AUTO_BE_OFFSET ES 2025-12-17 spread_ticks_entry=1.00 be_offset_ticks=1
DAY_STATE ES 2025-12-17 signals_total=11 signals_when_flat=11 signals_in_position=0 in_position=False entry_bar=-1 exit_bar=-1
EVENT_POS_DEBUG ES 2025-12-17 min=166 max=863857 first5=[166, 194, 215, 222, 252] last5=[863600, 863612, 863630, 863801, 863857] gate_lookback_bars=10 n=863989
