STRATEGY_MODE raw_env='entry_alpha_v1' resolved=entry_alpha_v1
ENV EXIT_MODE = exit_exec_v2
ENTRY_CONFIRM: bars=0 min_prog=0 style=price_only
ENTRY_ALPHA_FAMILY_ALLOWLIST=['PBRA_v1']
SRF_ARM: bars=W mode=lrams_only eff=10
Discovered 3 processed days: ['2025-12-16', '2025-12-17', '2025-12-18']
Run config: {'strategy_mode': 'entry_alpha_v1', 'baseline_mode': 'flat', 'baseline_k_bars': 5, 'micro_k_bars': 5, 'micro_impulse_ticks': 1, 'micro_flow_min': 0.0, 'max_spread_ticks_for_entry': 2, 'mmas_k_bars': 5, 'mmas_min_dmid_ticks': 1, 'mmas_min_flow_abs': 20.0, 'mmas_require_agree': True, 'srf_min_disp_ticks': 3, 'srf_disp_window_bars': 5, 'srf_min_speed_ticks_per_bar': 0.6, 'srf_refill_window_bars': 5, 'srf_baseline_bars': 20, 'srf_refill_ratio_max': 0.6, 'srf_min_spread_ticks': 1, 'srf_flow_confirm': False, 'srf_flow_window_bars': 5, 'srf_min_flow': 0.0, 'srf_side_mode': 'follow', 'srf_debug': False, 'srf_arm_bars': 10, 'srf_arm_bars_apb': 260, 'srf_arm_bars_obra': 10, 'srf_arm_bars_pbra': 10, 'srf_arm_mode': 'lrams_only', 'trade_session': 'all', 'min_spread_ticks': 0, 'entry_cooldown_bars': 10, 'tp_ticks': 1, 'sl_ticks': 2, 'entry_viability_mode': 'base', 'entry_viability_flow_confirm': False, 'entry_alpha_family_allowlist': ['PBRA_v1'], 'entry_alpha_max_sl_ticks': None, 'entry_alpha_time_stop_bars': None, 'entry_alpha_tp_ticks': None, 'pbra_scratch_bars': 1, 'pbra_scratch_min_mfe_ticks': 1, 'pbra_scratch_min_abs_ofid_max': 15.0, 'pbra_runner_arm_bars': 10, 'pbra_runner_arm_mfe_ticks': 1, 'pbra_runner_min_abs_ofid_max': 0.0, 'pbra_runner_tp_ticks': 4, 'pbra_runner_disable_be_limit': True, 'pbra_runner_be_stop_ticks': 0, 'pbra_fire_min_abs_ofid': 0.0, 'afr3_break_min_flow_abs': 100.0, 'afr3_break_max_spread_ticks': 2, 'afr3_snapback_check': True, 'afr_scratch_bars': 3, 'afr_scratch_min_progress_ticks': 1, 'gate_mode_list': ['side_matched'], 'sweep_ws': [10], 'afr_min_flow_abs_sweep': [40.0], 'afr_ft_bars_sweep': [2]}
Run header: {'strategy_mode': 'entry_alpha_v1', 'gate_modes': ['side_matched'], 'sweep_ws': [10], 'disable_gate': False, 'run_mode': 'baseline_vs_gated', 'impulse_lookback_bars': 1, 'impulse_min_ticks': 1, 'confirm_bars': 2, 'confirm_require_nonzero': True, 'srf_min_disp_ticks': 3, 'srf_disp_window_bars': 5, 'srf_min_speed_ticks_per_bar': 0.6, 'srf_refill_window_bars': 5, 'srf_baseline_bars': 20, 'srf_refill_ratio_max': 0.6, 'srf_min_spread_ticks': 1, 'srf_flow_confirm': False, 'srf_flow_window_bars': 5, 'srf_min_flow': 0.0, 'srf_side_mode': 'follow', 'srf_debug': False, 'srf_arm_bars_apb': 260, 'srf_arm_bars_obra': 10, 'srf_arm_bars_pbra': 10, 'pbra_fire_min_abs_ofid': 0.0, 'pbra_scratch_bars': 1, 'pbra_scratch_min_mfe_ticks': 1, 'pbra_scratch_min_abs_ofid_max': 15.0, 'pbra_runner_arm_bars': 10, 'pbra_runner_arm_mfe_ticks': 1, 'pbra_runner_min_abs_ofid_max': 0.0, 'pbra_runner_tp_ticks': 4, 'pbra_runner_disable_be_limit': True, 'pbra_runner_be_stop_ticks': 0, 'afr_k_bars': 10, 'afr_min_flow_abs': 40.0, 'afr_stall_ticks': 0, 'afr_break_ticks': 1, 'afr_require_flow_sign': True, 'afr_enter_on': 'ft', 'afr_tp_ticks': None, 'afr_sl_ticks': None, 'afr_max_hold_bars': None, 'afr_breakeven_after_ticks': None, 'afr_enter_mode': 'break_first', 'afr_flow_align_bars': 5, 'afr_min_flow_abs_align': 40.0, 'afr_rearm_band_ticks': 1, 'afr_rearm_max_bars': 5, 'afr_rearm_stop_max_bars': 3, 'afr_momentum_decay_bars': 3, 'afr_momentum_decay_min_flow': 0.0, 'trade_session': 'all', 'min_spread_ticks': 0, 'entry_cooldown_bars': 10, 'entry_viability_mode': 'base', 'entry_viability_flow_confirm': False, 'entry_alpha_family_allowlist': ['PBRA_v1'], 'entry_alpha_max_sl_ticks': None, 'entry_alpha_time_stop_bars': None, 'lbo_flip_direction': False, 'lbo_confirm_mode': 'none', 'lbo_confirm_ticks': 1, 'lbo_confirm_max_bars': 5, 'lbo_confirm_use_mid': True, 'lbo_confirm_require_flow_align': False, 'lbo_confirm_flow_align_bars': 5, 'lbo_confirm_min_flow_abs_align': 40.0, 'lbo_pullback_ticks': 1, 'lbo_pullback_max_bars': 10, 'lbo_resume_ticks': 1, 'lbo_resume_max_bars': 5}
AFR_ENTER_ON=ft strategy_mode=entry_alpha_v1
RUN_MODE: baseline_vs_gated (default)
=== STRATEGY: entry_alpha_v1 (baseline_vs_gated) ===
Executing run: {'strategy_mode': 'entry_alpha_v1', 'W': 10, 'gate_mode': 'side_matched', 'exit_mode': 'exit_exec_v2', 'afr_min_flow_abs': 40.0, 'afr_ft_bars': 2, 'disable_gate': False, 'trade_session': 'all', 'min_spread_ticks': 0, 'entry_cooldown_bars': 10, 'lbo_ignore_thr': False, 'lbo_flip_direction': False, 'srf_arm_bars': 10, 'srf_arm_source': 'W'}
ES 2025-12-16 health n_rows=863989 median_dt_ms=100.0 mid_change_pct=16.52% signals_valid=260440 events=24919
EVENT_POS_DEBUG ES 2025-12-16 min=39 max=863733 first5=[39, 67, 69, 90, 135] last5=[863244, 863305, 863380, 863699, 863733] gate_lookback_bars=10 n=863989
AUTO_BE_OFFSET ES 2025-12-16 spread_ticks_entry=1.00 be_offset_ticks=1
DAY_STATE ES 2025-12-16 signals_total=11 signals_when_flat=11 signals_in_position=0 in_position=False entry_bar=-1 exit_bar=-1
EVENT_POS_DEBUG ES 2025-12-16 min=39 max=863733 first5=[39, 67, 69, 90, 135] last5=[863244, 863305, 863380, 863699, 863733] gate_lookback_bars=10 n=863989
AUTO_BE_OFFSET ES 2025-12-16 spread_ticks_entry=2.00 be_offset_ticks=2
DAY_STATE ES 2025-12-16 signals_total=11 signals_when_flat=2 signals_in_position=0 in_position=False entry_bar=-1 exit_bar=-1
Sample day ES 2025-12-16 W=10 mode=side_matched baseline_final=-36.00 baseline_peak=-2.00 baseline_max_dd=34.00 baseline_worst=-22.00 baseline_p1=-20.00 baseline_p5=-12.00 | gated_final=-3.00 gated_peak=-1.00 gated_max_dd=2.00 gated_worst=-2.00 gated_p1=-1.99 gated_p5=-1.95
PNL_DAY ES 2025-12-16 strategy=baseline trades=11 gross_ticks=-36.00 net_ticks=-48.06 net_usd=-600.70 max_dd_ticks=44.96 max_dd_usd=562.00 max_loss_ticks=-23.10 max_loss_usd=-288.70 max_win_ticks=-2.10 max_win_usd=-26.20 sl_exits=1 tp_exits=0 scratch_exits=10 time_exits=0 would_scratch=10 would_scratch_rate=90.91% runner_armed=1 runner_armed_rate=9.09% runner_tp_hit=0 runner_tp_hit_rate=0.00%
PNL_DAY ES 2025-12-16 strategy=gated trades=2 gross_ticks=-3.00 net_ticks=-5.19 net_usd=-64.90 max_dd_ticks=3.10 max_dd_usd=38.70 max_loss_ticks=-3.10 max_loss_usd=-38.70 max_win_ticks=-2.10 max_win_usd=-26.20 sl_exits=0 tp_exits=0 scratch_exits=2 time_exits=0 would_scratch=2 would_scratch_rate=100.00% runner_armed=0 runner_armed_rate=0.00% runner_tp_hit=0 runner_tp_hit_rate=0.00%
BASE trades=11 mean=-3.2727 med=-1.0000 win%=0.00% p5=-12.00
GATE trades=2 mean=-1.5000 med=-1.5000 win%=0.00% p5=-1.95
DAY_ROW_HAS True 33.0 -36.0 -3.0
DAY_ROW_KEYS=['Symbol', 'W', 'baseline_entry_candidates_when_flat', 'baseline_final_pnl_ticks', 'baseline_max_dd_ticks', 'baseline_mean_loss_ticks', 'baseline_mean_trade_ticks', 'baseline_mean_win_ticks', 'baseline_median_trade_ticks', 'baseline_mode', 'baseline_p1_trade_ticks', 'baseline_p5_trade_ticks', 'baseline_peak_equity_ticks', 'baseline_pnl_ticks', 'baseline_profit_factor', 'baseline_trades', 'baseline_win_rate', 'baseline_worst_trade_ticks', 'block_rate', 'blocked_signals', 'coverage', 'date', 'dd_improvement', 'entries_blocked_by_gate', 'entries_taken_gated', 'entry_cooldown_bars', 'gate_mode', 'gated_entry_candidates_when_flat', 'gated_final_pnl_ticks', 'gated_max_dd_ticks', 'gated_mean_loss_ticks', 'gated_mean_trade_ticks', 'gated_mean_win_ticks', 'gated_median_trade_ticks', 'gated_p1_trade_ticks', 'gated_p5_trade_ticks', 'gated_peak_equity_ticks', 'gated_pnl_ticks', 'gated_profit_factor', 'gated_trades', 'gated_win_rate', 'gated_worst_trade_ticks', 'improvement_per_blocked', 'is_improved', 'min_spread_ticks', 'mmas_entered_base', 'mmas_entered_gate', 'mmas_passed_filters_base', 'mmas_passed_filters_gate', 'mmas_signaled_base', 'mmas_signaled_gate', 'mmas_signals_checked_base', 'mmas_signals_checked_gate', 'pnl_improvement_ticks', 'signals_cooldown_suppressed', 'signals_in_position', 'signals_session_suppressed', 'signals_spread_suppressed', 'signals_total', 'signals_when_flat', 'strategy_mode', 'trade_session']
ROW ES 2025-12-16 W=10 mode=side_matched baseline_trades=11 gated_trades=2 baseline_final=-36.0000 gated_final=-3.0000 pnl_improvement=33.0000 baseline_max_dd=34.0000 gated_max_dd=2.0000 dd_improvement=32.0000 blocked=9 improvement_per_blocked=3.6667 is_improved=True
DAY_ABS ES 2025-12-16 W=10 mode=side_matched baseline_final_pnl_ticks=-36.0000 gated_final_pnl_ticks=-3.0000 baseline_max_dd_ticks=34.0000 gated_max_dd_ticks=2.0000
[1/3] ES 2025-12-16 W=10 mode=side_matched baseline trades=11 pnl=-36.00 gated trades=2 pnl=-3.00 skipped=9 block_rate=81.82% coverage=18.18% spread_supp=37121 cooldown_supp=18
ES 2025-12-16 gate_diag armed_candidate_count=2 not_armed_block_count=9 mismatch_block_count=5 weak_side_none_count=0 allowed_count=2 coverage=18.18% weak_side_bid=1 weak_side_ask=1 blocked_none=9 allow_on_none=0
EXIT_DIAG ES 2025-12-16 gated_trades=2 touch+1=0 touch+1_nonpos=0 touch+1_pos=0 avg_bars_to+1=0.00
TRADE_DEBUG ES 2025-12-16 side=long entry_px=6818.50 best_fav_px=6818.50 mfe_ticks=0.00 exit_reason=PBRA_NO_REACCEL bars_held=1
TRADE_DEBUG ES 2025-12-16 side=short entry_px=6809.00 best_fav_px=6809.00 mfe_ticks=0.00 exit_reason=PBRA_NO_REACCEL bars_held=1
EXIT_SANITY ES 2025-12-16 side=long pnl_ticks=-1.00 exit_reason=PBRA_NO_REACCEL exit_mode=exit_exec_v2
ES 2025-12-16 cooldown_reduction baseline=90.00% gated=62.07%
ES 2025-12-16 W=10 mode=side_matched skip_reasons={'gated_blocked': 9, 'no_recent_event': 0, 'no_threshold_yet': 0, 'no_event_in_window': 0, 'gate_not_armed': 0, 'impulse_failed_threshold': 0, 'impulse_failed_confirm': 0}
ES 2025-12-16 MMAS base checked=0 passed=0 signaled=0 entered=0 | gate checked=0 passed=0 signaled=0 entered=0
EXIT_COUNTS ES 2025-12-16 base={'PBRA_NO_REACCEL': 10, 'SL': 1} gate={'PBRA_NO_REACCEL': 2}
PASSIVE_EXIT ES 2025-12-16 base filled=0 fallback=0 rate=0.00% | gate filled=0 fallback=0 rate=0.00%
BE_STATS ES 2025-12-16 base_armed=9.09% gate_armed=0.00% base_be_limit=0.00% gate_be_limit=0.00%
ES 2025-12-17 health n_rows=863989 median_dt_ms=100.0 mid_change_pct=16.17% signals_valid=248727 events=19556
EVENT_POS_DEBUG ES 2025-12-17 min=166 max=863857 first5=[166, 194, 215, 222, 252] last5=[863600, 863612, 863630, 863801, 863857] gate_lookback_bars=10 n=863989
AUTO_BE_OFFSET ES 2025-12-17 spread_ticks_entry=1.00 be_offset_ticks=1
DAY_STATE ES 2025-12-17 signals_total=11 signals_when_flat=11 signals_in_position=0 in_position=False entry_bar=-1 exit_bar=-1
EVENT_POS_DEBUG ES 2025-12-17 min=166 max=863857 first5=[166, 194, 215, 222, 252] last5=[863600, 863612, 863630, 863801, 863857] gate_lookback_bars=10 n=863989
AUTO_BE_OFFSET ES 2025-12-17 spread_ticks_entry=2.00 be_offset_ticks=2
DAY_STATE ES 2025-12-17 signals_total=11 signals_when_flat=1 signals_in_position=0 in_position=False entry_bar=-1 exit_bar=-1
PNL_DAY ES 2025-12-17 strategy=baseline trades=11 gross_ticks=-22.00 net_ticks=-34.06 net_usd=-425.70 max_dd_ticks=36.96 max_dd_usd=462.00 max_loss_ticks=-7.10 max_loss_usd=-88.70 max_win_ticks=2.90 max_win_usd=36.30 sl_exits=3 tp_exits=2 scratch_exits=5 time_exits=1 would_scratch=5 would_scratch_rate=45.45% runner_armed=2 runner_armed_rate=18.18% runner_tp_hit=2 runner_tp_hit_rate=18.18%
PNL_DAY ES 2025-12-17 strategy=gated trades=1 gross_ticks=-2.00 net_ticks=-3.10 net_usd=-38.70 max_dd_ticks=0.00 max_dd_usd=0.00 max_loss_ticks=-3.10 max_loss_usd=-38.70 max_win_ticks=-3.10 max_win_usd=-38.70 sl_exits=0 tp_exits=0 scratch_exits=1 time_exits=0 would_scratch=1 would_scratch_rate=100.00% runner_armed=0 runner_armed_rate=0.00% runner_tp_hit=0 runner_tp_hit_rate=0.00%
BASE trades=11 mean=-2.0000 med=-2.0000 win%=18.18% p5=-6.00
GATE trades=1 mean=-2.0000 med=-2.0000 win%=0.00% p5=-2.00
DAY_ROW_HAS True 20.0 -22.0 -2.0
DAY_ROW_KEYS=['Symbol', 'W', 'baseline_entry_candidates_when_flat', 'baseline_final_pnl_ticks', 'baseline_max_dd_ticks', 'baseline_mean_loss_ticks', 'baseline_mean_trade_ticks', 'baseline_mean_win_ticks', 'baseline_median_trade_ticks', 'baseline_mode', 'baseline_p1_trade_ticks', 'baseline_p5_trade_ticks', 'baseline_peak_equity_ticks', 'baseline_pnl_ticks', 'baseline_profit_factor', 'baseline_trades', 'baseline_win_rate', 'baseline_worst_trade_ticks', 'block_rate', 'blocked_signals', 'coverage', 'date', 'dd_improvement', 'entries_blocked_by_gate', 'entries_taken_gated', 'entry_cooldown_bars', 'gate_mode', 'gated_entry_candidates_when_flat', 'gated_final_pnl_ticks', 'gated_max_dd_ticks', 'gated_mean_loss_ticks', 'gated_mean_trade_ticks', 'gated_mean_win_ticks', 'gated_median_trade_ticks', 'gated_p1_trade_ticks', 'gated_p5_trade_ticks', 'gated_peak_equity_ticks', 'gated_pnl_ticks', 'gated_profit_factor', 'gated_trades', 'gated_win_rate', 'gated_worst_trade_ticks', 'improvement_per_blocked', 'is_improved', 'min_spread_ticks', 'mmas_entered_base', 'mmas_entered_gate', 'mmas_passed_filters_base', 'mmas_passed_filters_gate', 'mmas_signaled_base', 'mmas_signaled_gate', 'mmas_signals_checked_base', 'mmas_signals_checked_gate', 'pnl_improvement_ticks', 'signals_cooldown_suppressed', 'signals_in_position', 'signals_session_suppressed', 'signals_spread_suppressed', 'signals_total', 'signals_when_flat', 'strategy_mode', 'trade_session']
ROW ES 2025-12-17 W=10 mode=side_matched baseline_trades=11 gated_trades=1 baseline_final=-22.0000 gated_final=-2.0000 pnl_improvement=20.0000 baseline_max_dd=26.0000 gated_max_dd=0.0000 dd_improvement=26.0000 blocked=10 improvement_per_blocked=2.0000 is_improved=True
DAY_ABS ES 2025-12-17 W=10 mode=side_matched baseline_final_pnl_ticks=-22.0000 gated_final_pnl_ticks=-2.0000 baseline_max_dd_ticks=26.0000 gated_max_dd_ticks=0.0000
[2/3] ES 2025-12-17 W=10 mode=side_matched baseline trades=11 pnl=-22.00 gated trades=1 pnl=-2.00 skipped=10 block_rate=90.91% coverage=9.09% spread_supp=36556 cooldown_supp=9
ES 2025-12-17 gate_diag armed_candidate_count=3 not_armed_block_count=8 mismatch_block_count=8 weak_side_none_count=0 allowed_count=1 coverage=9.09% weak_side_bid=2 weak_side_ask=1 blocked_none=10 allow_on_none=0
EXIT_DIAG ES 2025-12-17 gated_trades=1 touch+1=0 touch+1_nonpos=0 touch+1_pos=0 avg_bars_to+1=0.00
TRADE_DEBUG ES 2025-12-17 side=short entry_px=6792.50 best_fav_px=6792.50 mfe_ticks=0.00 exit_reason=PBRA_NO_REACCEL bars_held=1
ES 2025-12-17 cooldown_reduction baseline=90.00% gated=45.00%
ES 2025-12-17 W=10 mode=side_matched skip_reasons={'gated_blocked': 10, 'no_recent_event': 0, 'no_threshold_yet': 0, 'no_event_in_window': 0, 'gate_not_armed': 0, 'impulse_failed_threshold': 0, 'impulse_failed_confirm': 0}
ES 2025-12-17 MMAS base checked=0 passed=0 signaled=0 entered=0 | gate checked=0 passed=0 signaled=0 entered=0
EXIT_COUNTS ES 2025-12-17 base={'PBRA_NO_REACCEL': 5, 'SL': 3, 'TP': 2, 'TIME': 1} gate={'PBRA_NO_REACCEL': 1}
PASSIVE_EXIT ES 2025-12-17 base filled=0 fallback=0 rate=0.00% | gate filled=0 fallback=0 rate=0.00%
BE_STATS ES 2025-12-17 base_armed=18.18% gate_armed=0.00% base_be_limit=0.00% gate_be_limit=0.00%
ES 2025-12-18 health n_rows=863987 median_dt_ms=100.0 mid_change_pct=15.49% signals_valid=240914 events=21124
EVENT_POS_DEBUG ES 2025-12-18 min=7 max=863522 first5=[7, 76, 118, 124, 153] last5=[863206, 863286, 863296, 863491, 863522] gate_lookback_bars=10 n=863987
AUTO_BE_OFFSET ES 2025-12-18 spread_ticks_entry=1.00 be_offset_ticks=1
DAY_STATE ES 2025-12-18 signals_total=2 signals_when_flat=2 signals_in_position=0 in_position=False entry_bar=-1 exit_bar=-1
EVENT_POS_DEBUG ES 2025-12-18 min=7 max=863522 first5=[7, 76, 118, 124, 153] last5=[863206, 863286, 863296, 863491, 863522] gate_lookback_bars=10 n=863987
DAY_STATE ES 2025-12-18 signals_total=2 signals_when_flat=0 signals_in_position=0 in_position=False entry_bar=-1 exit_bar=-1
PNL_DAY ES 2025-12-18 strategy=baseline trades=2 gross_ticks=-4.00 net_ticks=-6.19 net_usd=-77.40 max_dd_ticks=5.10 max_dd_usd=63.70 max_loss_ticks=-5.10 max_loss_usd=-63.70 max_win_ticks=-1.10 max_win_usd=-13.70 sl_exits=0 tp_exits=0 scratch_exits=1 time_exits=1 would_scratch=1 would_scratch_rate=50.00% runner_armed=0 runner_armed_rate=0.00% runner_tp_hit=0 runner_tp_hit_rate=0.00%
PNL_DAY ES 2025-12-18 strategy=gated trades=0 gross_ticks=0.00 net_ticks=0.00 net_usd=0.00 max_dd_ticks=0.00 max_dd_usd=0.00 max_loss_ticks=0.00 max_loss_usd=0.00 max_win_ticks=0.00 max_win_usd=0.00 sl_exits=0 tp_exits=0 scratch_exits=0 time_exits=0 would_scratch=0 would_scratch_rate=0.00% runner_armed=0 runner_armed_rate=0.00% runner_tp_hit=0 runner_tp_hit_rate=0.00%
BASE trades=2 mean=-2.0000 med=-2.0000 win%=0.00% p5=-3.80
GATE trades=0 mean=0.0000 med=0.0000 win%=0.00% p5=0.00
DROP ES 2025-12-18 W=10 mode=side_matched reasons=['zero_gated_trades'] entry_candidates_when_flat=2 baseline_trades=2 gated_trades=0 entries_blocked_by_gate=2 coverage=0.00%
GATE_DIAG ES 2025-12-18 W=10 mode=side_matched armed_candidate_count=1 not_armed_block_count=1 mismatch_block_count=1 weak_side_none_count=0 allowed_count=0 coverage=0.00% weak_side_bid=0 weak_side_ask=1 blocked_none=2 allow_on_none=0 bypass_on_none=0 any_buy_rate=0.000 any_sell_rate=0.000 qual_buy_rate=0.000 qual_sell_rate=0.000
DAY_ROW_HAS True 4.0 -4.0 0.0
DAY_ROW_KEYS=['Symbol', 'W', 'baseline_entry_candidates_when_flat', 'baseline_final_pnl_ticks', 'baseline_max_dd_ticks', 'baseline_mean_loss_ticks', 'baseline_mean_trade_ticks', 'baseline_mean_win_ticks', 'baseline_median_trade_ticks', 'baseline_mode', 'baseline_p1_trade_ticks', 'baseline_p5_trade_ticks', 'baseline_peak_equity_ticks', 'baseline_pnl_ticks', 'baseline_profit_factor', 'baseline_trades', 'baseline_win_rate', 'baseline_worst_trade_ticks', 'block_rate', 'blocked_signals', 'coverage', 'date', 'dd_improvement', 'entries_blocked_by_gate', 'entries_taken_gated', 'entry_cooldown_bars', 'gate_mode', 'gated_entry_candidates_when_flat', 'gated_final_pnl_ticks', 'gated_max_dd_ticks', 'gated_mean_loss_ticks', 'gated_mean_trade_ticks', 'gated_mean_win_ticks', 'gated_median_trade_ticks', 'gated_p1_trade_ticks', 'gated_p5_trade_ticks', 'gated_peak_equity_ticks', 'gated_pnl_ticks', 'gated_profit_factor', 'gated_trades', 'gated_win_rate', 'gated_worst_trade_ticks', 'improvement_per_blocked', 'is_improved', 'min_spread_ticks', 'mmas_entered_base', 'mmas_entered_gate', 'mmas_passed_filters_base', 'mmas_passed_filters_gate', 'mmas_signaled_base', 'mmas_signaled_gate', 'mmas_signals_checked_base', 'mmas_signals_checked_gate', 'pnl_improvement_ticks', 'signals_cooldown_suppressed', 'signals_in_position', 'signals_session_suppressed', 'signals_spread_suppressed', 'signals_total', 'signals_when_flat', 'strategy_mode', 'trade_session']
ROW ES 2025-12-18 W=10 mode=side_matched baseline_trades=2 gated_trades=0 baseline_final=-4.0000 gated_final=0.0000 pnl_improvement=4.0000 baseline_max_dd=4.0000 gated_max_dd=0.0000 dd_improvement=4.0000 blocked=2 improvement_per_blocked=2.0000 is_improved=True
DAY_ABS ES 2025-12-18 W=10 mode=side_matched baseline_final_pnl_ticks=-4.0000 gated_final_pnl_ticks=0.0000 baseline_max_dd_ticks=4.0000 gated_max_dd_ticks=0.0000
=== STRATEGY: entry_alpha_v1 DIAGNOSTICS ===
Strategy diagnostics by day:
Symbol       date  W    gate_mode  strategy_mode  base_entry_candidates_when_flat  gate_entry_candidates_when_flat  base_long_candidates  base_short_candidates  srf_checked_base  srf_triggered_base  srf_entered_base  srf_arm_events_base  srf_armed_bars_total_base  gate_blocked_not_armed_base  srf_checked_gate  srf_triggered_gate  srf_entered_gate  srf_arm_events_gate  srf_armed_bars_total_gate  gate_blocked_not_armed_gate  impulse_checked_base  impulse_passed_threshold_base  impulse_passed_confirm_base  impulse_entered_base  exit_sm_called_base  exit_sm_exit_taken_base  exit_sm_hold_base  legacy_exit_taken_base  passive_filled_count_base  passive_fallback_count_base  passive_fill_rate_base  entry_confirm_checked_base  entry_confirm_passed_base  entry_confirm_failed_base  impulse_checked_gate  impulse_passed_threshold_gate  impulse_passed_confirm_gate  impulse_entered_gate  exit_sm_called_gate  exit_sm_exit_taken_gate  exit_sm_hold_gate  legacy_exit_taken_gate  passive_filled_count_gate  passive_fallback_count_gate  passive_fill_rate_gate  entry_confirm_checked_gate  entry_confirm_passed_gate  entry_confirm_failed_gate  afr_checked_base  afr_absorption_pass_base  afr_break_pass_base  afr_entered_base  afr_checked_gate  afr_absorption_pass_gate  afr_break_pass_gate  afr_entered_gate  afr2_checked_base  afr2_absorption_pass_base  afr2_break_pass_base  afr2_ft_pass_base  afr2_entered_base  afr2_break_quality_pass_base  afr2_snapback_fail_base  afr2_break_quality_entries_base  afr2_checked_gate  afr2_absorption_pass_gate  afr2_break_pass_gate  afr2_ft_pass_gate  afr2_entered_gate  afr2_break_quality_pass_gate  afr2_snapback_fail_gate  afr2_break_quality_entries_gate  afr3_checked_base  afr3_absorption_pass_base  afr3_break_pass_base  afr3_break_quality_pass_base  afr3_snapback_pass_base  afr3_entered_base  afr3_checked_gate  afr3_absorption_pass_gate  afr3_break_pass_gate  afr3_break_quality_pass_gate  afr3_snapback_pass_gate  afr3_entered_gate  afr_be_armed_base  afr_be_triggered_base  afr_be_armed_gate  afr_be_triggered_gate  lbo_pending_started_base  lbo_confirm_entered_base  lbo_confirm_expired_base  lbo_pull_triggered_base  lbo_pull_pulled_back_base  lbo_pull_resumed_entered_base  lbo_pull_expired_base  lbo_pending_started_gate  lbo_confirm_entered_gate  lbo_confirm_expired_gate  lbo_pull_triggered_gate  lbo_pull_pulled_back_gate  lbo_pull_resumed_entered_gate  lbo_pull_expired_gate  count_break_entries_base  count_ft_entries_base  count_rearms_base  count_break_entries_gate  count_ft_entries_gate  count_rearms_gate afr_enter_on_used  pct_exit_on_decay_base  pct_exit_on_decay_gate  pct_exit_on_be_base  pct_exit_on_be_gate  pct_exit_on_scratch_base  pct_exit_on_scratch_gate  median_mfe_ticks_base  median_mae_ticks_base  median_mfe_ticks_gate  median_mae_ticks_gate  avg_impulse_ticks_entry_base  avg_break_ticks_entry_base  avg_abs_break_ticks_entry_base  avg_ft_progress_ticks_entry_base  avg_abs_ft_progress_ticks_entry_base  avg_break_ticks_entry_long_base  avg_break_ticks_entry_short_base  avg_abs_impulse_ticks_entry_base  avg_impulse_ticks_entry_long_base  avg_impulse_ticks_entry_short_base  avg_flow_entry_base  avg_abs_flow_entry_base  avg_spread_ticks_entry_base  avg_flow_entry_long_base  avg_flow_entry_short_base  avg_impulse_ticks_entry_gate  avg_break_ticks_entry_gate  avg_abs_break_ticks_entry_gate  avg_ft_progress_ticks_entry_gate  avg_abs_ft_progress_ticks_entry_gate  avg_break_ticks_entry_long_gate  avg_break_ticks_entry_short_gate  avg_abs_impulse_ticks_entry_gate  avg_impulse_ticks_entry_long_gate  avg_impulse_ticks_entry_short_gate  avg_flow_entry_gate  avg_abs_flow_entry_gate  avg_spread_ticks_entry_gate  avg_flow_entry_long_gate  avg_flow_entry_short_gate
    ES 2025-12-16 10 side_matched entry_alpha_v1                               11                               11                     3                      8                 0                   0                 0                 1360                       7880                            0                 0                   0                 0                 1360                       7880                            9                     0                              0                            0                     0                   13                       11                  2                       0                          0                            0                     0.0                           0                          0                          0                     0                              0                            0                     0                    2                        2                  0                       0                          0                            0                     0.0                           0                          0                          0                 0                         0                    0                 0                 0                         0                    0                 0                  0                          0                     0                  0                  0                             0                        0                                0                  0                          0                     0                  0                  0                             0                        0                                0                  0                          0                     0                             0                        0                  0                  0                          0                     0                             0                        0                  0                  0                      0                  0                      0                         0                         0                         0                        0                          0                              0                      0                         0                         0                         0                        0                          0                              0                      0                         0                      0                  0                         0                      0                  0                ft                     0.0                     0.0                  0.0                  0.0                       0.0                       0.0                    0.0                   -1.0                    0.0                   -1.5                           0.0                         0.0                             0.0                               0.0                                   0.0                              0.0                               0.0                               0.0                                0.0                                 0.0                  0.0                      0.0                     1.272727                       0.0                        0.0                           0.0                         0.0                             0.0                               0.0                                   0.0                              0.0                               0.0                               0.0                                0.0                                 0.0                  0.0                      0.0                          1.5                       0.0                        0.0
    ES 2025-12-17 10 side_matched entry_alpha_v1                               11                               11                     4                      7                 0                   0                 0                 1172                       7018                            0                 0                   0                 0                 1172                       7018                            8                     0                              0                            0                     0                  102                       11                 91                       0                          0                            0                     0.0                           0                          0                          0                     0                              0                            0                     0                    1                        1                  0                       0                          0                            0                     0.0                           0                          0                          0                 0                         0                    0                 0                 0                         0                    0                 0                  0                          0                     0                  0                  0                             0                        0                                0                  0                          0                     0                  0                  0                             0                        0                                0                  0                          0                     0                             0                        0                  0                  0                          0                     0                             0                        0                  0                  0                      0                  0                      0                         0                         0                         0                        0                          0                              0                      0                         0                         0                         0                        0                          0                              0                      0                         0                      0                  0                         0                      0                  0                ft                     0.0                     0.0                  0.0                  0.0                       0.0                       0.0                    0.0                   -2.0                    0.0                   -2.0                           0.0                         0.0                             0.0                               0.0                                   0.0                              0.0                               0.0                               0.0                                0.0                                 0.0                  0.0                      0.0                     1.272727                       0.0                        0.0                           0.0                         0.0                             0.0                               0.0                                   0.0                              0.0                               0.0                               0.0                                0.0                                 0.0                  0.0                      0.0                          2.0                       0.0                        0.0
Coverage/activity by day:
Symbol       date  W    gate_mode  baseline_entry_candidates_when_flat  gated_entry_candidates_when_flat  baseline_trades  gated_trades  entries_blocked_by_gate  entries_taken_gated  coverage  block_rate
    ES 2025-12-16 10 side_matched                                   11                                11               11             2                        9                    2  0.181818    0.818182
    ES 2025-12-17 10 side_matched                                   11                                11               11             1                       10                    1  0.090909    0.909091
    ES 2025-12-18 10 side_matched                                    2                                 2                2             0                        2                    0  0.000000    1.000000
SRF_ARM_W_SWEEP_TABLE metric=coverage
srf_arm_bars W=10
10 9.09%
Absolute summary by day:
 W    gate_mode  baseline_final_pnl_ticks  gated_final_pnl_ticks  baseline_max_dd_ticks  gated_max_dd_ticks
10 side_matched                     -36.0                   -3.0                   34.0                 2.0
10 side_matched                     -22.0                   -2.0                   26.0                 0.0
10 side_matched                      -4.0                    0.0                    4.0                 0.0
PNL_SCORECARD strategy=baseline days=3 trades=24 win_rate=0.083 avg_win_ticks=2.90 avg_loss_ticks=-4.28 avg_win_usd=36.30 avg_loss_usd=-53.47 expectancy_ticks=-3.68 expectancy_usd=-45.99 net_ticks=-88.30 net_usd=-1103.80 max_dd_ticks=85.21 max_dd_usd=1065.10 worst_streak_trades=11 worst_streak_usd=-600.70 sl_exits=4 sl_exit_rate=16.67% tp_exits=2 tp_exit_rate=8.33% scratch_exits=16 scratch_exit_rate=66.67% time_exits=2 time_exit_rate=8.33% would_scratch=16 would_scratch_rate=66.67% runner_armed=3 runner_armed_rate=12.50% runner_tp_hit=2 runner_tp_hit_rate=8.33% best_day_usd=-77.40 worst_day_usd=-600.70 pct_days_positive=0.00%
PNL_FAMILY strategy=baseline family=PBRA_v1 trades=24 win_rate=0.083 net_ticks=-88.30 net_usd=-1103.80 expectancy_ticks=-3.68 avg_win_ticks=2.90 avg_loss_ticks=-4.28
PNL_SCORECARD strategy=gated days=3 trades=3 win_rate=0.000 avg_win_ticks=0.00 avg_loss_ticks=-2.76 avg_win_usd=0.00 avg_loss_usd=-34.53 expectancy_ticks=-2.76 expectancy_usd=-34.53 net_ticks=-8.29 net_usd=-103.60 max_dd_ticks=6.19 max_dd_usd=77.40 worst_streak_trades=3 worst_streak_usd=-103.60 sl_exits=0 sl_exit_rate=0.00% tp_exits=0 tp_exit_rate=0.00% scratch_exits=3 scratch_exit_rate=100.00% time_exits=0 time_exit_rate=0.00% would_scratch=3 would_scratch_rate=100.00% runner_armed=0 runner_armed_rate=0.00% runner_tp_hit=0 runner_tp_hit_rate=0.00% best_day_usd=0.00 worst_day_usd=-64.90 pct_days_positive=0.00%
PNL_FAMILY strategy=gated family=PBRA_v1 trades=3 win_rate=0.000 net_ticks=-8.29 net_usd=-103.60 expectancy_ticks=-2.76 avg_win_ticks=0.00 avg_loss_ticks=-2.76
MFE thresholds by entry_reason (per day):
      date strategy       entry_reason  count  pct_mfe_ge_1  pct_mfe_ge_2  pct_mfe_ge_3
2025-12-16 baseline PBRA_SHORT_REACCEL      8      0.125000      0.125000      0.000000
2025-12-16 baseline  PBRA_LONG_REACCEL      3      0.000000      0.000000      0.000000
2025-12-17 baseline PBRA_SHORT_REACCEL      7      0.285714      0.285714      0.285714
2025-12-17 baseline  PBRA_LONG_REACCEL      4      0.000000      0.000000      0.000000
2025-12-18 baseline PBRA_SHORT_REACCEL      2      0.000000      0.000000      0.000000
2025-12-16    gated  PBRA_LONG_REACCEL      1      0.000000      0.000000      0.000000
2025-12-16    gated PBRA_SHORT_REACCEL      1      0.000000      0.000000      0.000000
2025-12-17    gated PBRA_SHORT_REACCEL      1      0.000000      0.000000      0.000000
MFE thresholds aggregate:
strategy       entry_reason  count  pct_mfe_ge_1  pct_mfe_ge_2  pct_mfe_ge_3
baseline PBRA_SHORT_REACCEL     17      0.176471      0.176471      0.117647
baseline  PBRA_LONG_REACCEL      7      0.000000      0.000000      0.000000
   gated  PBRA_LONG_REACCEL      1      0.000000      0.000000      0.000000
   gated PBRA_SHORT_REACCEL      2      0.000000      0.000000      0.000000
ENTRY_EDGE_VERDICT: NO STANDALONE ENTRY EDGE (demote to gate-only)
MFE thresholds by entry_root_reason (per day):
      date strategy  entry_root_reason  count  pct_mfe_ge_1  pct_mfe_ge_2  pct_mfe_ge_3
2025-12-16 baseline PBRA_SHORT_REACCEL      8      0.125000      0.125000      0.000000
2025-12-16 baseline  PBRA_LONG_REACCEL      3      0.000000      0.000000      0.000000
2025-12-17 baseline PBRA_SHORT_REACCEL      7      0.285714      0.285714      0.285714
2025-12-17 baseline  PBRA_LONG_REACCEL      4      0.000000      0.000000      0.000000
2025-12-18 baseline PBRA_SHORT_REACCEL      2      0.000000      0.000000      0.000000
2025-12-16    gated  PBRA_LONG_REACCEL      1      0.000000      0.000000      0.000000
2025-12-16    gated PBRA_SHORT_REACCEL      1      0.000000      0.000000      0.000000
2025-12-17    gated PBRA_SHORT_REACCEL      1      0.000000      0.000000      0.000000
MFE thresholds aggregate (entry_root_reason):
strategy  entry_root_reason  count  pct_mfe_ge_1  pct_mfe_ge_2  pct_mfe_ge_3
baseline PBRA_SHORT_REACCEL     17      0.176471      0.176471      0.117647
baseline  PBRA_LONG_REACCEL      7      0.000000      0.000000      0.000000
   gated  PBRA_LONG_REACCEL      1      0.000000      0.000000      0.000000
   gated PBRA_SHORT_REACCEL      2      0.000000      0.000000      0.000000
Exit breakdown by day (baseline):
      date  SCRATCH  SL  TIME  TP  total_pnl_ticks  total_trades
2025-12-16     10.0 1.0   0.0 0.0            -36.0          11.0
2025-12-17      5.0 3.0   1.0 2.0            -22.0          11.0
2025-12-18      1.0 0.0   1.0 0.0             -4.0           2.0
Exit breakdown by day (gated):
      date  SCRATCH  total_pnl_ticks  total_trades
2025-12-16      2.0             -3.0           2.0
2025-12-17      1.0             -2.0           1.0
Exit breakdown aggregate (baseline):
strategy exit_reason_std  count_trades  sum_pnl_ticks  mean_pnl_ticks  median_pnl_ticks  win_rate  profit_factor  median_mfe_ticks  median_mae_ticks  median_hold_bars_realized  p5_pnl_ticks  p1_pnl_ticks
baseline         SCRATCH          16.0          -25.0         -1.5625              -2.0       0.0            0.0               0.0              -2.0                        1.0         -2.25         -2.85
baseline              SL           4.0          -36.0         -9.0000              -6.0       0.0            0.0               0.0              -4.0                       10.0        -19.60        -21.52
baseline              TP           2.0            8.0          4.0000               4.0       1.0            0.0               4.0               0.0                        4.5          4.00          4.00
baseline            TIME           2.0           -9.0         -4.5000              -4.5       0.0            0.0               0.0              -4.5                       40.0         -4.95         -4.99
Exit breakdown aggregate (gated):
strategy exit_reason_std  count_trades  sum_pnl_ticks  mean_pnl_ticks  median_pnl_ticks  win_rate  profit_factor  median_mfe_ticks  median_mae_ticks  median_hold_bars_realized  p5_pnl_ticks  p1_pnl_ticks
   gated         SCRATCH           3.0           -5.0       -1.666667              -2.0       0.0            0.0               0.0              -2.0                        1.0          -2.0          -2.0
Aggregate summary by W, gate_mode:
 W    gate_mode  days_count  pct_days_improved  median_improvement_all_days  mean_improvement_all_days  median_improvement_improved_days median_improvement_worsened_days  median_pnl_improvement_ticks  mean_pnl_improvement_ticks  median_improvement_per_blocked  mean_improvement_per_blocked  median_dd_improvement  mean_dd_improvement  median_worst_trade_improvement  mean_worst_trade_improvement  median_p1_improvement  mean_p1_improvement  median_p5_improvement  mean_p5_improvement  median_baseline_mean_trade_ticks  median_gated_mean_trade_ticks  median_baseline_median_trade_ticks  median_gated_median_trade_ticks  median_baseline_win_rate  median_gated_win_rate  median_baseline_profit_factor  median_gated_profit_factor  median_baseline_mean_win_ticks  median_gated_mean_win_ticks  median_baseline_mean_loss_ticks  median_gated_mean_loss_ticks
10 side_matched           3                1.0                         20.0                       19.0                              20.0                             None                          20.0                        19.0                             2.0                      2.555556                   26.0            20.666667                            -4.0                     -9.333333                   -4.0            -8.656667                   -4.0                -5.95                              -2.0                           -1.5                                -2.0                             -1.5                       0.0                    0.0                            0.0                         0.0                             0.0                          0.0                        -3.333333                          -1.5
